// Jest Snapshot v1, https://goo.gl/fbAQLP

exports[`Class: View Derivative instances should have a defined stylesheet 1`] = `
"
            <style>
                            
                article {
                    margin-bottom: 0.25em;
                    padding: 0.25em;
                    background-color: lightgray;
                    border-radius: .5em;
                }
                
                h1 {
                    font-size: 1.5em;
                }
                h2 {
                    font-size: 1em;
                }
                
                a {
                    font-style: normal;
                }
                
                header {}
                
                footer {
                    display: flex;
                    flex-direction: row-reverse;
                    justify-content: space-between;
                }
            </style>
        "
`;

exports[`Class: View Derivative instances should have a defined template 1`] = `
"
            <header>
                <h2 class=\\"subtitle\\">100013440</h2>
                <h1 class=\\"title\\">La Perla</h1>
            </header>
            <section>
                100013440: restaurant - La Perla
            </section>
            <footer>
                <button id=\\"button-delete\\" class=\\"btn\\">Delete</button>
            </footer>
        "
`;
